  MainForm.cpp
C:\Users\User\Desktop\ucl_phd_programme\levitator-codes\GSPAT_FrameworkUnified\FirstForm\HapticShape.h(12,3): warning C4996: 'strcpy': This function or variable may be unsafe. Consider using strcpy_s instead. To disable deprecation, use _CRT_SECURE_NO_WARNINGS. See online help for details.
C:\Users\User\Desktop\ucl_phd_programme\levitator-codes\GSPAT_FrameworkUnified\FirstForm\HapticShape.h(18,3): warning C4996: 'strcpy': This function or variable may be unsafe. Consider using strcpy_s instead. To disable deprecation, use _CRT_SECURE_NO_WARNINGS. See online help for details.
  The contents of <variant> are available only with C++17 or later.
C:\Users\User\Desktop\ucl_phd_programme\levitator-codes\GSPAT_FrameworkUnified\FirstForm\MainForm.h(65,37): warning C4477: 'swprintf' : format string '%s' requires an argument of type 'wchar_t *', but variadic argument 1 has type 'const char *'
C:\Users\User\Desktop\ucl_phd_programme\levitator-codes\GSPAT_FrameworkUnified\FirstForm\MainForm.h(65,37): message : consider using '%hs' in the format string
C:\Users\User\Desktop\ucl_phd_programme\levitator-codes\GSPAT_FrameworkUnified\FirstForm\MainForm.h(65,37): message : consider using '%Ts' in the format string
C:\Users\User\Desktop\ucl_phd_programme\levitator-codes\GSPAT_FrameworkUnified\FirstForm\MainForm.h(65,37): message : this warning is based on non-standard semantics used by Visual C++
C:\Users\User\Desktop\ucl_phd_programme\levitator-codes\GSPAT_FrameworkUnified\FirstForm\MainForm.h(1470,1): warning C4267: 'initializing': conversion from 'size_t' to 'int', possible loss of data
C:\Users\User\Desktop\ucl_phd_programme\levitator-codes\GSPAT_FrameworkUnified\FirstForm\MainForm.h(1481,1): warning C4267: 'initializing': conversion from 'size_t' to 'int', possible loss of data
C:\Users\User\Desktop\ucl_phd_programme\levitator-codes\GSPAT_FrameworkUnified\FirstForm\MainForm.h(1774,77): warning C4244: 'argument': conversion from 'double' to 'int', possible loss of data
C:\Users\User\Desktop\ucl_phd_programme\levitator-codes\GSPAT_FrameworkUnified\FirstForm\MainForm.h(1809,80): warning C4244: 'argument': conversion from 'double' to 'int', possible loss of data
C:\Users\User\Desktop\ucl_phd_programme\levitator-codes\GSPAT_FrameworkUnified\FirstForm\MainForm.h(1850,89): warning C4244: 'argument': conversion from 'double' to 'int', possible loss of data
C:\Users\User\Desktop\ucl_phd_programme\levitator-codes\GSPAT_FrameworkUnified\FirstForm\MainForm.h(1876,89): warning C4244: 'argument': conversion from 'double' to 'int', possible loss of data
C:\Users\User\Desktop\ucl_phd_programme\levitator-codes\GSPAT_FrameworkUnified\FirstForm\MainForm.h(1910,78): warning C4244: 'argument': conversion from 'double' to 'int', possible loss of data
C:\Users\User\Desktop\ucl_phd_programme\levitator-codes\GSPAT_FrameworkUnified\FirstForm\MainForm.h(1948,88): warning C4244: 'argument': conversion from 'double' to 'int', possible loss of data
C:\Users\User\Desktop\ucl_phd_programme\levitator-codes\GSPAT_FrameworkUnified\FirstForm\MainForm.h(1975,63): warning C4244: 'argument': conversion from 'double' to 'float', possible loss of data
C:\Users\User\Desktop\ucl_phd_programme\levitator-codes\GSPAT_FrameworkUnified\FirstForm\MainForm.h(1975,102): warning C4244: 'argument': conversion from 'double' to 'float', possible loss of data
C:\Users\User\Desktop\ucl_phd_programme\levitator-codes\GSPAT_FrameworkUnified\FirstForm\MainForm.h(1979,62): warning C4305: 'argument': truncation from 'double' to 'float'
C:\Users\User\Desktop\ucl_phd_programme\levitator-codes\GSPAT_FrameworkUnified\FirstForm\MainForm.h(1980,62): warning C4305: 'argument': truncation from 'double' to 'float'
C:\Users\User\Desktop\ucl_phd_programme\levitator-codes\GSPAT_FrameworkUnified\FirstForm\MainForm.h(1981,55): warning C4305: 'argument': truncation from 'double' to 'float'
C:\Users\User\Desktop\ucl_phd_programme\levitator-codes\GSPAT_FrameworkUnified\FirstForm\MainForm.h(1981,85): warning C4305: 'argument': truncation from 'double' to 'float'
C:\Users\User\Desktop\ucl_phd_programme\levitator-codes\GSPAT_FrameworkUnified\FirstForm\MainForm.h(1993,66): warning C4305: 'argument': truncation from 'double' to 'float'
C:\Users\User\Desktop\ucl_phd_programme\levitator-codes\GSPAT_FrameworkUnified\FirstForm\MainForm.h(1993,104): warning C4305: 'argument': truncation from 'double' to 'float'
C:\Users\User\Desktop\ucl_phd_programme\levitator-codes\GSPAT_FrameworkUnified\FirstForm\MainForm.h(1994,66): warning C4305: 'argument': truncation from 'double' to 'float'
C:\Users\User\Desktop\ucl_phd_programme\levitator-codes\GSPAT_FrameworkUnified\FirstForm\MainForm.h(1994,104): warning C4305: 'argument': truncation from 'double' to 'float'
C:\Users\User\Desktop\ucl_phd_programme\levitator-codes\GSPAT_FrameworkUnified\FirstForm\MainForm.h(1995,66): warning C4305: 'argument': truncation from 'double' to 'float'
C:\Users\User\Desktop\ucl_phd_programme\levitator-codes\GSPAT_FrameworkUnified\FirstForm\MainForm.h(1995,104): warning C4305: 'argument': truncation from 'double' to 'float'
C:\Users\User\Desktop\ucl_phd_programme\levitator-codes\GSPAT_FrameworkUnified\FirstForm\MainForm.h(1996,66): warning C4305: 'argument': truncation from 'double' to 'float'
C:\Users\User\Desktop\ucl_phd_programme\levitator-codes\GSPAT_FrameworkUnified\FirstForm\MainForm.h(1996,104): warning C4305: 'argument': truncation from 'double' to 'float'
C:\Users\User\Desktop\ucl_phd_programme\levitator-codes\GSPAT_FrameworkUnified\FirstForm\MainForm.h(2029,50): warning C4267: '=': conversion from 'size_t' to 'int', possible loss of data
C:\Users\User\Desktop\ucl_phd_programme\levitator-codes\GSPAT_FrameworkUnified\FirstForm\MainForm.h(2035,56): warning C4474: 'printf' : too many arguments passed for format string
C:\Users\User\Desktop\ucl_phd_programme\levitator-codes\GSPAT_FrameworkUnified\FirstForm\MainForm.h(2035,56): message : placeholders and their parameters expect 0 variadic arguments, but 1 were provided
C:\Users\User\Desktop\ucl_phd_programme\levitator-codes\GSPAT_FrameworkUnified\FirstForm\MainForm.h(2041,72): warning C4474: 'printf' : too many arguments passed for format string
C:\Users\User\Desktop\ucl_phd_programme\levitator-codes\GSPAT_FrameworkUnified\FirstForm\MainForm.h(2041,72): message : placeholders and their parameters expect 0 variadic arguments, but 1 were provided
C:\Users\User\Desktop\ucl_phd_programme\levitator-codes\GSPAT_FrameworkUnified\FirstForm\MainForm.h(2063,92): warning C4267: 'argument': conversion from 'size_t' to 'int', possible loss of data
C:\Users\User\Desktop\ucl_phd_programme\levitator-codes\GSPAT_FrameworkUnified\FirstForm\MainForm.h(2066,121): warning C4267: 'argument': conversion from 'size_t' to 'cl_uint', possible loss of data
C:\Users\User\Desktop\ucl_phd_programme\levitator-codes\GSPAT_FrameworkUnified\FirstForm\MainForm.cpp(6,33): warning C4829: Possibly incorrect parameters to function main. Consider 'int main(Platform::Array<Platform::String^>^ argv)'
C:\Users\User\Desktop\ucl_phd_programme\levitator-codes\GSPAT_FrameworkUnified\FirstForm\MainForm.h(56): warning C4793: 'debugprintf': function compiled as native:
  	varargs not supported under /clr
C:\Users\User\Desktop\ucl_phd_programme\levitator-codes\GSPAT_FrameworkUnified\FirstForm\MainForm.h(59): warning C4793: 'debugprintf': function compiled as native:
  	Found an intrinsic not supported in managed code
C:\Users\User\Desktop\ucl_phd_programme\levitator-codes\GSPAT_FrameworkUnified\FirstForm\MainForm.h(61): warning C4793: 'debugprintf': function compiled as native:
  	Found an intrinsic not supported in managed code
MainForm.obj : warning LNK4248: unresolved typeref token (01000033) for 'OpenGLFramework.ILight'; image may not run
  FirstForm.vcxproj -> C:\Users\User\Desktop\ucl_phd_programme\levitator-codes\GSPAT_FrameworkUnified\x64\Debug\FirstForm.exe
